// Jest Snapshot v1, https://goo.gl/fbAQLP

exports[`<Container /> should render the component 1`] = `
.c0 {
  display: -webkit-box;
  display: -webkit-flex;
  display: -ms-flexbox;
  display: flex;
  width: 100%;
}

.c1 {
  width: 100%;
  max-width: 130rem;
  display: -webkit-box;
  display: -webkit-flex;
  display: -ms-flexbox;
  display: flex;
  -webkit-flex-direction: column;
  -ms-flex-direction: column;
  flex-direction: column;
}

<div>
  <div
    class="c0"
  >
    <div
      class="c1"
    >
      <h1>
        Next Example
      </h1>
    </div>
  </div>
</div>
`;
